// Jest Snapshot v1, https://goo.gl/fbAQLP

exports[`DateRangeSelector component match the snapshot 1`] = `
<DocumentFragment>
  <div
    class="g-3 row"
  >
    <div
      class="col-sm-5 col-12"
    >
      <label
        class="startDate-label"
      >
        Start Date
      </label>
      <div>
        <div
          class="react-datepicker__input-container"
        >
          <input
            class="startDate-picker-input col-12"
            data-testid="startDate-input"
            type="text"
            value="01 / 01 / 2023"
          />
        </div>
      </div>
    </div>
    <div
      class="col-sm-5 col-12"
    >
      <label
        class="endDate-label"
      >
        End Date
      </label>
      <div>
        <div
          class="react-datepicker__input-container"
        >
          <input
            class="enddate-picker-input col-12"
            data-testid="endDate-input"
            type="text"
            value="31 / 12 / 2023"
          />
        </div>
      </div>
    </div>
  </div>
</DocumentFragment>
`;
