// Jest Snapshot v1, https://goo.gl/fbAQLP

exports[`Topbar component match the snapshot 1`] = `
<DocumentFragment>
  <div
    class="pt-2 d-flex align-items-center row"
    data-testid="topbar"
  >
    <div
      class="col"
    >
      <div
        data-testid="date-range-selector"
      >
        Date Range Selector
      </div>
    </div>
    <div
      class="col"
    >
      <div
        data-testid="year-selector"
      >
        Year Selector
      </div>
    </div>
  </div>
</DocumentFragment>
`;
