// Jest Snapshot v1, https://goo.gl/fbAQLP

exports[`Home component match the snapshot 1`] = `
<DocumentFragment>
  <div
    class="bg-primary min-vh-100 text-white container-fluid"
    data-testid="main"
  >
    <div
      class="pt-2 d-flex align-items-center row"
      data-testid="topbar"
    >
      <div
        class="col"
      >
        <div
          class="g-3 row"
        >
          <div
            class="col-sm-5 col-12"
          >
            <label
              class="startDate-label"
            >
              Start Date
            </label>
            <div>
              <div
                class="react-datepicker__input-container"
              >
                <input
                  class="startDate-picker-input col-12"
                  data-testid="startDate-input"
                  type="text"
                  value=""
                />
              </div>
            </div>
          </div>
          <div
            class="col-sm-5 col-12"
          >
            <label
              class="endDate-label"
            >
              End Date
            </label>
            <div>
              <div
                class="react-datepicker__input-container"
              >
                <input
                  class="enddate-picker-input col-12"
                  data-testid="endDate-input"
                  type="text"
                  value=""
                />
              </div>
            </div>
          </div>
        </div>
      </div>
      <div
        class="col"
      >
        <div
          class="ms-auto vstack"
          data-testid="year-selector"
        >
          <label
            class=""
            for="dropdown"
          >
            Choose a year:
          </label>
          <div
            class="dropdown"
          >
            <button
              aria-expanded="false"
              class="dropdown-toggle btn btn-success"
              data-testid="year-dropdown"
              id="dropdown-basic"
              type="button"
            >
              Select year
            </button>
          </div>
        </div>
      </div>
    </div>
    <div />
  </div>
</DocumentFragment>
`;
